
> tcxr_takehome_fs@0.1.0 build
> react-scripts build

Creating an optimized production build...
node.exe : Browserslist: browsers data (caniuse-lite) is 16 months old. Please 
run:
At C:\Program Files\nodejs\npm.ps1:29 char:3
+   & $NODE_EXE $NPM_CLI_JS $args
+   ~~~~~~~~~~~~~~~~~~~~~~~~~~~~~
    + CategoryInfo          : NotSpecified: (Browserslist: b...ld. Please run: 
   :String) [], RemoteException
    + FullyQualifiedErrorId : NativeCommandError
 
  npx update-browserslist-db@latest
  Why you should do it regularly: 
https://github.com/browserslist/update-db#readme
Browserslist: browsers data (caniuse-lite) is 16 months old. Please run:
  npx update-browserslist-db@latest
  Why you should do it regularly: 
https://github.com/browserslist/update-db#readme
Compiled with warnings.

[eslint] 
src\pages\GradeDetailPage.jsx
  Line 15:10:  'allStudents' is assigned a value but never used  no-unused-vars

src\pages\InstitutionDetailPage.jsx
  Line 13:10:  'selectedGrade' is assigned a value but never used  no-unused-vars

Search for the keywords to learn more about each warning.
To ignore, add // eslint-disable-next-line to the line before.

File sizes after gzip:

  424.68 kB  build\static\js\main.6672db4c.js
  6.14 kB    build\static\css\main.6f454168.css
  1.78 kB    build\static\js\453.cdbda9c9.chunk.js

The project was built assuming it is hosted at /.
You can control this with the homepage field in your package.json.

The build folder is ready to be deployed.
You may serve it with a static server:

  npm install -g serve
  serve -s build

Find out more about deployment here:

  https://cra.link/deployment

